2026-09-03 16:26:34,348 - cofre_digital - INFO - Sistema de logging inicializado.
2026-09-03 16:26:34,435 - cofre_digital - INFO - API Cofre digital iniciada.
2026-09-03 16:29:55,883 - cofre_digital - INFO - Sistema de logging inicializado.
2026-09-03 16:29:55,985 - cofre_digital - INFO - API Cofre digital iniciada.
2026-09-03 16:33:59,118 - cofre_digital - INFO - Sistema de logging inicializado.
2026-09-03 16:33:59,210 - cofre_digital - INFO - API Cofre digital iniciada.
2026-09-03 16:34:14,876 - cofre_digital - INFO - Sistema de logging inicializado.
2026-09-03 16:34:14,977 - cofre_digital - INFO - API Cofre digital iniciada.
2026-09-03 16:35:16,777 - cofre_digital - INFO - Sistema de logging inicializado.
2026-09-03 16:35:16,865 - cofre_digital - INFO - API Cofre digital iniciada.
2026-09-03 16:36:37,357 - cofre_digital - INFO - Sistema de logging inicializado.
2026-09-03 16:36:37,446 - cofre_digital - INFO - API Cofre digital iniciada.
2026-09-03 16:39:11,649 - cofre_digital - INFO - Sistema de logging inicializado.
2026-09-03 16:39:11,766 - cofre_digital - INFO - API Cofre digital iniciada.
2026-09-03 16:42:42,748 - cofre_digital - INFO - Sistema de logging inicializado.
2026-09-03 16:42:42,834 - cofre_digital - INFO - API Cofre digital iniciada.
2026-09-03 16:43:05,020 - cofre_digital - INFO - Sistema de logging inicializado.
2026-09-03 16:43:05,118 - cofre_digital - INFO - API Cofre digital iniciada.
2026-09-03 16:43:19,622 - cofre_digital - INFO - Sistema de logging inicializado.
2026-09-03 17:06:59,652 - cofre_digital - INFO - Sistema de logging inicializado.
2026-09-03 17:07:27,559 - cofre_digital - INFO - Sistema de logging inicializado.
2026-09-03 17:08:33,763 - cofre_digital - INFO - Sistema de logging inicializado.
2026-09-03 17:08:41,817 - cofre_digital - INFO - Sistema de logging inicializado.
2026-09-03 17:09:51,247 - cofre_digital - INFO - Sistema de logging inicializado.
2026-09-03 17:11:13,612 - cofre_digital - INFO - Sistema de logging inicializado.
2026-09-03 17:11:19,139 - cofre_digital - INFO - GET /documents status=200 0.14870869999867864
2026-09-03 17:11:38,557 - cofre_digital - INFO - GET /documents/2 status=200 0.02773239999078214
2026-09-03 17:11:51,331 - cofre_digital - INFO - GET /documents/export/csv status=200 0.022707700001774356
2026-09-03 17:13:46,442 - cofre_digital - INFO - Sistema de logging inicializado.
2026-09-03 17:14:27,063 - cofre_digital - INFO - Sistema de logging inicializado.
2026-09-03 17:14:27,144 - cofre_digital - INFO - API de Obras e Engenharia funcionando!
2026-09-03 17:16:36,358 - cofre_digital - INFO - GET /documents/7 status=404
2026-09-03 17:17:29,536 - cofre_digital - INFO - GET /documents/8/download status=404
2026-09-03 17:18:37,166 - cofre_digital - INFO - POST /documents status=413
2026-09-03 17:28:03,822 - cofre_digital - INFO - Sistema de logging inicializado.
2026-09-03 17:28:03,909 - cofre_digital - INFO - API de Obras e Engenharia funcionando!
2026-09-03 17:29:41,537 - cofre_digital - INFO - Sistema de logging inicializado.
2026-09-03 17:29:41,624 - cofre_digital - INFO - API de Obras e Engenharia funcionando!
2026-09-03 17:30:41,601 - cofre_digital - INFO - Sistema de logging inicializado.
2026-09-03 17:30:41,792 - cofre_digital - INFO - API de Obras e Engenharia funcionando!
2026-09-03 17:30:43,373 - cofre_digital - INFO - Sistema de logging inicializado.
2026-09-03 17:30:43,453 - cofre_digital - INFO - API de Obras e Engenharia funcionando!
2026-09-03 17:31:34,544 - cofre_digital - INFO - Sistema de logging inicializado.
2026-09-03 17:31:34,622 - cofre_digital - INFO - API de Obras e Engenharia funcionando!
2026-09-03 17:34:53,884 - cofre_digital - INFO - Sistema de logging inicializado.
2026-09-03 17:34:54,046 - cofre_digital - INFO - API de Obras e Engenharia funcionando!
2026-09-03 17:34:58,523 - cofre_digital - ERROR - GET /docs erro interno: '_StreamingResponse' object has no attribute 'status'
2026-09-03 17:36:07,349 - cofre_digital - INFO - Sistema de logging inicializado.
2026-09-03 17:36:07,510 - cofre_digital - INFO - API de Obras e Engenharia funcionando!
2026-09-03 17:36:10,544 - cofre_digital - INFO - GET /docs status=200
2026-09-03 17:36:10,817 - cofre_digital - INFO - GET /openapi.json status=200
2026-09-03 17:36:25,884 - cofre_digital - WARNING - GET /documents/999 status=404
2026-09-03 17:38:04,248 - cofre_digital - INFO - Sistema de logging inicializado.
2026-09-03 17:38:04,422 - cofre_digital - INFO - API de Obras e Engenharia funcionando!
2026-09-03 17:38:14,699 - cofre_digital - ERROR - GET /documents/999 erro interno: division by zero
2026-09-03 17:38:59,860 - cofre_digital - INFO - Sistema de logging inicializado.
2026-09-03 17:39:00,063 - cofre_digital - INFO - API de Obras e Engenharia funcionando!
2026-09-03 17:39:04,586 - cofre_digital - INFO - Sistema de logging inicializado.
2026-09-03 17:39:04,689 - cofre_digital - INFO - API de Obras e Engenharia funcionando!
2026-09-03 17:39:52,284 - cofre_digital - INFO - Sistema de logging inicializado.
2026-09-03 17:39:52,390 - cofre_digital - INFO - API de Obras e Engenharia funcionando!
2026-09-03 17:42:52,223 - cofre_digital - WARNING - GET / status=404
2026-09-03 17:42:52,368 - cofre_digital - WARNING - GET /favicon.ico status=404
2026-09-03 17:43:02,163 - cofre_digital - INFO - GET /documents status=200
2026-09-03 17:43:08,895 - cofre_digital - INFO - GET /docs status=200
2026-09-03 17:43:09,200 - cofre_digital - INFO - GET /openapi.json status=200
2026-09-03 17:43:16,545 - cofre_digital - INFO - GET /documents/export/csv status=200
2026-09-03 17:43:35,665 - cofre_digital - INFO - Sistema de logging inicializado.
2026-09-03 17:43:35,772 - cofre_digital - INFO - API de Obras e Engenharia funcionando!
2026-09-03 17:43:39,386 - cofre_digital - INFO - GET /docs status=200
2026-09-03 17:43:39,625 - cofre_digital - INFO - GET /openapi.json status=200
2026-09-03 17:43:58,201 - cofre_digital - INFO - PATCH /documents/2 status=200
2026-09-03 17:46:08,603 - cofre_digital - INFO - Sistema de logging inicializado.
2026-09-03 17:46:08,765 - cofre_digital - INFO - API de Obras e Engenharia funcionando!
2026-09-03 17:46:49,479 - cofre_digital - WARNING - POST /documents status=413
2026-09-03 18:50:15,228 - cofre_digital - INFO - Sistema de logging inicializado.
2026-09-03 18:50:47,496 - cofre_digital - INFO - Sistema de logging inicializado.
2026-09-03 18:56:35,732 - cofre_digital - INFO - Sistema de logging inicializado.
2026-09-03 18:56:52,748 - cofre_digital - INFO - Sistema de logging inicializado.
2026-09-03 19:04:53,514 - cofre_digital - INFO - Sistema de logging inicializado.
2026-09-03 19:15:49,604 - cofre_digital - INFO - Sistema de logging inicializado.
2026-09-03 19:17:17,418 - cofre_digital - INFO - Sistema de logging inicializado.
2026-09-03 19:19:29,519 - cofre_digital - INFO - Sistema de logging inicializado.
2026-09-03 19:19:29,657 - cofre_digital - INFO - API de Obras e Engenharia funcionando!
2026-09-03 19:19:34,840 - cofre_digital - INFO - GET /docs status=200
2026-09-03 19:19:35,714 - cofre_digital - INFO - GET /openapi.json status=200
2026-09-03 19:19:43,264 - cofre_digital - INFO - GET /documents status=200
2026-09-03 19:19:55,425 - cofre_digital - INFO - GET /documents status=200
2026-09-03 19:20:20,043 - cofre_digital - INFO - PATCH /documents/2 status=200
2026-09-03 19:20:42,334 - cofre_digital - INFO - Sistema de logging inicializado.
2026-09-03 19:22:59,973 - cofre_digital - INFO - Sistema de logging inicializado.
2026-09-03 19:24:39,258 - cofre_digital - INFO - Sistema de logging inicializado.
2026-09-03 19:26:19,924 - cofre_digital - INFO - Sistema de logging inicializado.
2026-09-03 19:27:37,514 - cofre_digital - INFO - Sistema de logging inicializado.
2026-09-03 19:29:37,293 - cofre_digital - INFO - Sistema de logging inicializado.
2026-09-03 19:29:55,409 - cofre_digital - INFO - Sistema de logging inicializado.
2026-09-03 19:30:48,904 - cofre_digital - INFO - Sistema de logging inicializado.
2026-09-03 19:30:48,989 - cofre_digital - INFO - API de Obras e Engenharia funcionando!
2026-09-03 19:31:42,260 - cofre_digital - INFO - Sistema de logging inicializado.
2026-09-03 19:31:42,470 - cofre_digital - INFO - API de Obras e Engenharia funcionando!
2026-09-03 19:34:31,390 - cofre_digital - INFO - Sistema de logging inicializado.
2026-09-03 19:34:31,725 - cofre_digital - INFO - API de Obras e Engenharia funcionando!
2026-09-03 19:34:34,970 - cofre_digital - INFO - GET /docs status=200
2026-09-03 19:34:35,401 - cofre_digital - INFO - GET /openapi.json status=200
2026-09-03 19:34:48,552 - cofre_digital - ERROR - GET /documents/statistics erro interno: 4 validation errors for Statistics
extensao
  Field required [type=missing, input_value={'total_documents': 3, 'e...m': 2, 'Wellington': 1}}, input_type=dict]
    For further information visit https://errors.pydantic.dev/2.13/v/missing
categoria
  Field required [type=missing, input_value={'total_documents': 3, 'e...m': 2, 'Wellington': 1}}, input_type=dict]
    For further information visit https://errors.pydantic.dev/2.13/v/missing
etapa
  Field required [type=missing, input_value={'total_documents': 3, 'e...m': 2, 'Wellington': 1}}, input_type=dict]
    For further information visit https://errors.pydantic.dev/2.13/v/missing
responsavel_tecnico
  Field required [type=missing, input_value={'total_documents': 3, 'e...m': 2, 'Wellington': 1}}, input_type=dict]
    For further information visit https://errors.pydantic.dev/2.13/v/missing
2026-09-03 19:37:19,646 - cofre_digital - INFO - Sistema de logging inicializado.
2026-09-03 19:37:19,747 - cofre_digital - INFO - API de Obras e Engenharia funcionando!
2026-09-03 19:37:23,294 - cofre_digital - INFO - GET /documents/statistics status=200
2026-09-03 19:41:54,862 - cofre_digital - INFO - POST /documents status=201
2026-09-03 19:42:08,535 - cofre_digital - INFO - GET /documents/statistics status=200
2026-09-03 19:43:22,730 - cofre_digital - INFO - Sistema de logging inicializado.
2026-09-03 19:43:22,827 - cofre_digital - INFO - API de Obras e Engenharia funcionando!
2026-09-03 19:44:03,503 - cofre_digital - INFO - API de Obras e Engenharia funcionando!
2026-09-03 20:09:11,362 - cofre_digital - INFO - API de Obras e Engenharia funcionando!
2026-09-03 20:09:15,400 - cofre_digital - INFO - GET /docs status=200
2026-09-03 20:09:15,887 - cofre_digital - INFO - GET /openapi.json status=200
2026-09-03 20:09:25,734 - cofre_digital - WARNING - GET /documents/1/integridade status=404
2026-09-03 20:09:33,692 - cofre_digital - INFO - GET /documents/2/integridade status=200
2026-09-03 20:10:56,113 - cofre_digital - INFO - GET /documents/2/integridade status=200
2026-09-03 20:11:09,374 - cofre_digital - INFO - GET /documents/3/integridade status=200
2026-09-03 20:12:01,757 - cofre_digital - ERROR - GET /documents/2/integridade status=500
2026-09-03 20:12:50,077 - cofre_digital - INFO - GET /documents/2/integridade status=200
2026-09-03 20:14:50,131 - cofre_digital - INFO - API de Obras e Engenharia funcionando!
2026-09-03 20:14:53,461 - cofre_digital - ERROR - GET /documents/2/integridade status=500
2026-09-03 20:15:00,263 - cofre_digital - ERROR - GET /documents/2/integridade status=500
2026-09-03 20:15:15,336 - cofre_digital - ERROR - GET /documents/3/integridade status=500
2026-09-03 20:15:49,499 - cofre_digital - INFO - API de Obras e Engenharia funcionando!
2026-09-03 20:15:49,779 - cofre_digital - INFO - GET /documents/3/integridade status=200
2026-09-03 20:15:53,047 - cofre_digital - INFO - GET /documents/2/integridade status=200
